// Jest Snapshot v1, https://goo.gl/fbAQLP

exports[`Component Header should render the Origin logo 1`] = `
.emotion-0 {
  background: #fff;
  display: -webkit-box;
  display: -webkit-flex;
  display: -ms-flexbox;
  display: flex;
  -webkit-box-pack: left;
  -ms-flex-pack: left;
  -webkit-justify-content: left;
  justify-content: left;
  -webkit-align-items: center;
  -webkit-box-align: center;
  -ms-flex-align: center;
  align-items: center;
  padding: 12px;
  -webkit-transition: padding 100ms ease-in;
  transition: padding 100ms ease-in;
}

@media screen and (min-width: 992px) {
  .emotion-0 {
    padding: 24px;
  }
}

.emotion-2 {
  display: block;
}

.emotion-4 {
  display: block;
  height: 24px;
  -webkit-transition: height 100ms ease-in;
  transition: height 100ms ease-in;
}

@media screen and (min-width: 992px) {
  .emotion-4 {
    height: 32px;
  }
}

<header
  class="emotion-0 emotion-1"
>
  <a
    class="emotion-2 emotion-3"
    href="/"
    title="Origin Home"
  >
    <img
      alt="Origin Logo"
      class="emotion-4 emotion-5"
      src="SvgrURL"
    />
  </a>
</header>
`;
